============================= test session starts =============================
platform win32 -- Python 3.11.9, pytest-9.0.2, pluggy-1.6.0 -- C:\Users\fasti\OneDrive\Desktop\pr7\backend\venv\Scripts\python.exe
cachedir: .pytest_cache
rootdir: C:\Users\fasti\OneDrive\Desktop\pr7\backend
plugins: anyio-4.13.0
collecting ... collected 0 items / 1 error

=================================== ERRORS ====================================
_____________________ ERROR collecting tests/test_main.py _____________________
tests\test_main.py:4: in <module>
    client = TestClient(app)
             ^^^^^^^^^^^^^^^
venv\Lib\site-packages\starlette\testclient.py:429: in __init__
    super().__init__(
E   TypeError: Client.__init__() got an unexpected keyword argument 'app'
============================== warnings summary ===============================
venv\Lib\site-packages\pydantic\_internal\_config.py:272
  C:\Users\fasti\OneDrive\Desktop\pr7\backend\venv\Lib\site-packages\pydantic\_internal\_config.py:272: PydanticDeprecatedSince20: Support for class-based `config` is deprecated, use ConfigDict instead. Deprecated in Pydantic V2.0 to be removed in V3.0. See Pydantic V2 Migration Guide at https://errors.pydantic.dev/2.6/migration/
    warnings.warn(DEPRECATION_MESSAGE, DeprecationWarning)

main.py:23
  C:\Users\fasti\OneDrive\Desktop\pr7\backend\main.py:23: DeprecationWarning: 
          on_event is deprecated, use lifespan event handlers instead.
  
          Read more about it in the
          [FastAPI docs for Lifespan Events](https://fastapi.tiangolo.com/advanced/events/).
          
    @app.on_event("startup")

venv\Lib\site-packages\fastapi\applications.py:4495
venv\Lib\site-packages\fastapi\applications.py:4495
  C:\Users\fasti\OneDrive\Desktop\pr7\backend\venv\Lib\site-packages\fastapi\applications.py:4495: DeprecationWarning: 
          on_event is deprecated, use lifespan event handlers instead.
  
          Read more about it in the
          [FastAPI docs for Lifespan Events](https://fastapi.tiangolo.com/advanced/events/).
          
    return self.router.on_event(event_type)

main.py:27
  C:\Users\fasti\OneDrive\Desktop\pr7\backend\main.py:27: DeprecationWarning: 
          on_event is deprecated, use lifespan event handlers instead.
  
          Read more about it in the
          [FastAPI docs for Lifespan Events](https://fastapi.tiangolo.com/advanced/events/).
          
    @app.on_event("shutdown")

-- Docs: https://docs.pytest.org/en/stable/how-to/capture-warnings.html
=========================== short test summary info ===========================
ERROR tests/test_main.py - TypeError: Client.__init__() got an unexpected key...
!!!!!!!!!!!!!!!!!!! Interrupted: 1 error during collection !!!!!!!!!!!!!!!!!!!!
======================== 5 warnings, 1 error in 5.35s =========================
